// Jest Snapshot v1, https://goo.gl/fbAQLP

exports[`CardChip Component should render the Card Chip component 1`] = `ReactWrapper {}`;
