// Jest Snapshot v1, https://goo.gl/fbAQLP

exports[`Widget Builder Component should render the widget builder component 1`] = `ReactWrapper {}`;
