// Jest Snapshot v1, https://goo.gl/fbAQLP

exports[`App Component should render app component 1`] = `ShallowWrapper {}`;
